###############################################################################
#                                                                             #
# IAR ANSI C/C++ Compiler V6.30.1.53127/W32 for ARM     20/Apr/2016  18:27:54 #
# Copyright 1999-2011 IAR Systems AB.                                         #
#                                                                             #
#    Cpu mode     =  thumb                                                    #
#    Endian       =  little                                                   #
#    Source file  =  E:\п╓ж╬лн\new_C\benci_newC_V44\Project\STM32F10x_StdPeri #
#                    ph_Template\EWARM\EW9BC8.tmp.c                           #
#    Command line =  E:\п╓ж╬лн\new_C\benci_newC_V44\Project\STM32F10x_StdPeri #
#                    ph_Template\EWARM\EW9BC8.tmp.c -D USE_STDPERIPH_DRIVER   #
#                    -D USE_STM32100B_EVAL -D STM32F10X_CL -lc                #
#                    E:\п╓ж╬лн\new_C\benci_newC_V44\Project\STM32F10x_StdPeri #
#                    ph_Template\EWARM\Debug\List\ -lA                        #
#                    E:\п╓ж╬лн\new_C\benci_newC_V44\Project\STM32F10x_StdPeri #
#                    ph_Template\EWARM\Debug\List\ -o                         #
#                    E:\п╓ж╬лн\new_C\benci_newC_V44\Project\STM32F10x_StdPeri #
#                    ph_Template\EWARM\Debug\Obj\ --no_cse --no_unroll        #
#                    --no_inline --no_code_motion --no_tbaa --no_clustering   #
#                    --no_scheduling --debug --endian=little --cpu=Cortex-M3  #
#                    -e --fpu=None --dlib_config "C:\Program Files\IAR        #
#                    Systems\Embedded Workbench 6.0\arm\INC\c\DLib_Config_Ful #
#                    l.h" -I E:\п╓ж╬лн\new_C\benci_newC_V44\Project\STM32F10x #
#                    _StdPeriph_Template\EWARM\ -I                            #
#                    E:\п╓ж╬лн\new_C\benci_newC_V44\Project\STM32F10x_StdPeri #
#                    ph_Template\EWARM\..\ -I E:\п╓ж╬лн\new_C\benci_newC_V44\ #
#                    Project\STM32F10x_StdPeriph_Template\EWARM\..\..\..\Libr #
#                    aries\STM32F10x_StdPeriph_Driver\inc\ -I                 #
#                    E:\п╓ж╬лн\new_C\benci_newC_V44\Project\STM32F10x_StdPeri #
#                    ph_Template\EWARM\..\..\..\Libraries\STM32F10x_StdPeriph #
#                    _Driver\src\ -I E:\п╓ж╬лн\new_C\benci_newC_V44\Project\S #
#                    TM32F10x_StdPeriph_Template\EWARM\..\..\..\Project/Commo #
#                    n\ -I E:\п╓ж╬лн\new_C\benci_newC_V44\Project\STM32F10x_S #
#                    tdPeriph_Template\EWARM\..\..\..\Project/TW8836\ -I      #
#                    E:\п╓ж╬лн\new_C\benci_newC_V44\Project\STM32F10x_StdPeri #
#                    ph_Template\EWARM\..\..\..\Project/CAN\ -I               #
#                    E:\п╓ж╬лн\new_C\benci_newC_V44\Project\STM32F10x_StdPeri #
#                    ph_Template\EWARM\..\..\..\Project/FM\ -I                #
#                    E:\п╓ж╬лн\new_C\benci_newC_V44\Project\STM32F10x_StdPeri #
#                    ph_Template\EWARM\..\..\..\Project/ARM\ -I               #
#                    E:\п╓ж╬лн\new_C\benci_newC_V44\Project\STM32F10x_StdPeri #
#                    ph_Template\EWARM\..\..\..\Libraries\CMSIS\CM3\DeviceSup #
#                    port\ST\STM32F10x\ -On -I "C:\Program Files\IAR          #
#                    Systems\Embedded Workbench 6.0\arm\CMSIS\Include\"       #
#                    --predef_macros E:\п╓ж╬лн\new_C\benci_newC_V44\Project\S #
#                    TM32F10x_StdPeriph_Template\EWARM\EW9BC7.tmp             #
#    List file    =  E:\п╓ж╬лн\new_C\benci_newC_V44\Project\STM32F10x_StdPeri #
#                    ph_Template\EWARM\Debug\List\EW9BC8.tmp.lst              #
#    Object file  =  E:\п╓ж╬лн\new_C\benci_newC_V44\Project\STM32F10x_StdPeri #
#                    ph_Template\EWARM\Debug\Obj\EW9BC8.tmp.o                 #
#                                                                             #
#                                                                             #
###############################################################################



 

 


Errors: none
Warnings: none
