ARM Linker, 5.03 [Build 76] [MDK-ARM Standard]

==============================================================================

Section Cross References

    startup_stm32f10x_cl.o(RESET) refers to startup_stm32f10x_cl.o(STACK) for __initial_sp
    startup_stm32f10x_cl.o(RESET) refers to startup_stm32f10x_cl.o(.text) for Reset_Handler
    startup_stm32f10x_cl.o(RESET) refers to stm32f10x_it.o(.text) for NMI_Handler
    startup_stm32f10x_cl.o(.text) refers to system_stm32f10x.o(.text) for SystemInit
    startup_stm32f10x_cl.o(.text) refers to entry.o(.ARM.Collect$$$$00000000) for __main
    main.o(.text) refers to bsp.o(.text) for BspInit
    main.o(.text) refers to common.o(.text) for Acc_Wdg_Config
    main.o(.text) refers to stm32f10x_gpio.o(.text) for GPIO_SetBits
    main.o(.text) refers to iapusart.o(.text) for Upgrade_CMD_PROCESS
    main.o(.text) refers to system_stm32f10x.o(.data) for SystemCoreClock
    main.o(.text) refers to common.o(.data) for UpgradeReady
    common.o(.text) refers to stm32f10x_rcc.o(.text) for RCC_GetFlagStatus
    common.o(.text) refers to stm32f10x_iwdg.o(.text) for IWDG_WriteAccessCmd
    common.o(.text) refers to bsp.o(.text) for BspClose
    common.o(.text) refers to stm32f10x_gpio.o(.text) for GPIO_SetBits
    common.o(.text) refers to pannel.o(.text) for TW8836_Reset
    common.o(.text) refers to iapusart.o(.text) for Request_Upgrade_Send
    common.o(.text) refers to ymodem.o(.text) for YmodemReceive
    common.o(.text) refers to common.o(.data) for m_JumpAddress
    common.o(.text) refers to bsptime2.o(.bss) for g_Tim2Array
    common.o(.text) refers to download.o(.text) for FLASH_ProgramStart
    common.o(.text) refers to common.o(.bss) for pArray
    download.o(.text) refers to stm32f10x_iwdg.o(.text) for IWDG_ReloadCounter
    download.o(.text) refers to stm32f10x_flash.o(.text) for FLASH_ProgramHalfWord
    ymodem.o(.text) refers to memcpya.o(.text) for __aeabi_memcpy
    ymodem.o(.text) refers to iapusart.o(.text) for Usart3SendString
    ymodem.o(.text) refers to stm32f10x_flash.o(.text) for FLASH_ErasePage
    ymodem.o(.text) refers to stm32f10x_gpio.o(.text) for GPIO_ResetBits
    ymodem.o(.text) refers to ymodem.o(.data) for stat
    ymodem.o(.text) refers to bsptime2.o(.bss) for g_Tim2Array
    stm32f10x_it.o(.text) refers to stm32f10x_tim.o(.text) for TIM_GetITStatus
    stm32f10x_it.o(.text) refers to bsptime3.o(.text) for BspTim3Close
    stm32f10x_it.o(.text) refers to stm32f10x_usart.o(.text) for USART_GetITStatus
    stm32f10x_it.o(.text) refers to iapusart.o(.text) for ReceOneChar
    stm32f10x_it.o(.text) refers to iapusart.o(.data) for u32Systick
    stm32f10x_it.o(.text) refers to iapusart.o(.bss) for g_GPS_DATA
    stm32f10x_it.o(.text) refers to bsptime2.o(.bss) for g_Tim2Array
    stm32f10x_it.o(.text) refers to common.o(.bss) for m_ReceData
    stm32f10x_it.o(.text) refers to common.o(.data) for UpgradeReady
    i2c_driver.o(.text) refers to stm32f10x_gpio.o(.text) for GPIO_SetBits
    pannel.o(.text) refers to i2c_driver.o(.text) for ReadTW88
    pannel.o(.text) refers to stm32f10x_gpio.o(.text) for GPIO_ResetBits
    pannel.o(.text) refers to iapusart.o(.text) for Delay_1ms
    pannel.o(.text) refers to pannel.o(.constdata) for tInit_tw8836_9inch
    bsp.o(.text) refers to stm32f10x_rcc.o(.text) for RCC_DeInit
    bsp.o(.text) refers to stm32f10x_flash.o(.text) for FLASH_PrefetchBufferCmd
    bsp.o(.text) refers to stm32f10x_gpio.o(.text) for GPIO_Init
    bsp.o(.text) refers to stm32f10x_can.o(.text) for CAN_DeInit
    bsp.o(.text) refers to stm32f10x_iwdg.o(.text) for IWDG_WriteAccessCmd
    bsp.o(.text) refers to misc.o(.text) for NVIC_SetVectorTable
    bsp.o(.text) refers to bsptime3.o(.text) for BspTim3Init
    bsp.o(.text) refers to iapusart.o(.text) for BspUsart3Init
    bsp.o(.text) refers to bsptime2.o(.text) for BspTim2Init
    bsp.o(.text) refers to bsp.o(.data) for HSEStartUpStatus
    bsptime2.o(.text) refers to stm32f10x_rcc.o(.text) for RCC_APB1PeriphClockCmd
    bsptime2.o(.text) refers to stm32f10x_tim.o(.text) for TIM_DeInit
    bsptime2.o(.text) refers to misc.o(.text) for NVIC_Init
    bsptime3.o(.text) refers to stm32f10x_rcc.o(.text) for RCC_APB1PeriphClockCmd
    bsptime3.o(.text) refers to stm32f10x_tim.o(.text) for TIM_DeInit
    bsptime3.o(.text) refers to misc.o(.text) for NVIC_Init
    iapusart.o(.text) refers to stm32f10x_rcc.o(.text) for RCC_APB2PeriphClockCmd
    iapusart.o(.text) refers to stm32f10x_usart.o(.text) for USART_StructInit
    iapusart.o(.text) refers to stm32f10x_gpio.o(.text) for GPIO_Init
    iapusart.o(.text) refers to misc.o(.text) for NVIC_Init
    iapusart.o(.text) refers to stm32f10x_iwdg.o(.text) for IWDG_ReloadCounter
    iapusart.o(.text) refers to memcpya.o(.text) for __aeabi_memcpy
    iapusart.o(.text) refers to iapusart.o(.data) for eTXIdle
    iapusart.o(.text) refers to iapusart.o(.bss) for m_SendBuff
    iapusart.o(.text) refers to strlen.o(.text) for strlen
    iapusart.o(.text) refers to bsptime3.o(.text) for BspTim3Open
    iapusart.o(.text) refers to common.o(.bss) for m_ReceData
    iapusart.o(.text) refers to common.o(.data) for m_Mode
    system_stm32f10x.o(.text) refers to system_stm32f10x.o(.data) for SystemCoreClock
    stm32f10x_can.o(.text) refers to stm32f10x_rcc.o(.text) for RCC_APB1PeriphResetCmd
    stm32f10x_gpio.o(.text) refers to stm32f10x_rcc.o(.text) for RCC_APB2PeriphResetCmd
    stm32f10x_i2c.o(.text) refers to stm32f10x_rcc.o(.text) for RCC_APB1PeriphResetCmd
    stm32f10x_pwr.o(.text) refers to stm32f10x_rcc.o(.text) for RCC_APB1PeriphResetCmd
    stm32f10x_rcc.o(.text) refers to stm32f10x_rcc.o(.data) for APBAHBPrescTable
    stm32f10x_spi.o(.text) refers to stm32f10x_rcc.o(.text) for RCC_APB2PeriphResetCmd
    stm32f10x_tim.o(.text) refers to stm32f10x_rcc.o(.text) for RCC_APB2PeriphResetCmd
    stm32f10x_usart.o(.text) refers to stm32f10x_rcc.o(.text) for RCC_APB2PeriphResetCmd
    stm32f10x_wwdg.o(.text) refers to stm32f10x_rcc.o(.text) for RCC_APB1PeriphResetCmd
    entry.o(.ARM.Collect$$$$00000000) refers (Special) to entry10a.o(.ARM.Collect$$$$0000000D) for __rt_final_cpp
    entry.o(.ARM.Collect$$$$00000000) refers (Special) to entry11a.o(.ARM.Collect$$$$0000000F) for __rt_final_exit
    entry.o(.ARM.Collect$$$$00000000) refers (Special) to entry7b.o(.ARM.Collect$$$$00000008) for _main_clock
    entry.o(.ARM.Collect$$$$00000000) refers (Special) to entry8b.o(.ARM.Collect$$$$0000000A) for _main_cpp_init
    entry.o(.ARM.Collect$$$$00000000) refers (Special) to entry9a.o(.ARM.Collect$$$$0000000B) for _main_init
    entry.o(.ARM.Collect$$$$00000000) refers (Special) to entry5.o(.ARM.Collect$$$$00000004) for _main_scatterload
    entry.o(.ARM.Collect$$$$00000000) refers (Special) to entry2.o(.ARM.Collect$$$$00000001) for _main_stk
    entry2.o(.ARM.Collect$$$$00000001) refers to entry2.o(.ARM.Collect$$$$00002712) for __lit__00000000
    entry2.o(.ARM.Collect$$$$00002712) refers to startup_stm32f10x_cl.o(STACK) for __initial_sp
    entry2.o(__vectab_stack_and_reset_area) refers to startup_stm32f10x_cl.o(STACK) for __initial_sp
    entry2.o(__vectab_stack_and_reset_area) refers to entry.o(.ARM.Collect$$$$00000000) for __main
    entry5.o(.ARM.Collect$$$$00000004) refers to init.o(.text) for __scatterload
    entry9a.o(.ARM.Collect$$$$0000000B) refers to main.o(.text) for main
    entry9b.o(.ARM.Collect$$$$0000000C) refers to main.o(.text) for main
    init.o(.text) refers to entry5.o(.ARM.Collect$$$$00000004) for __main_after_scatterload


==============================================================================

Removing Unused input sections from the image.

    Removing startup_stm32f10x_cl.o(HEAP), (512 bytes).
    Removing main.o(.rev16_text), (4 bytes).
    Removing main.o(.revsh_text), (4 bytes).
    Removing common.o(.rev16_text), (4 bytes).
    Removing common.o(.revsh_text), (4 bytes).
    Removing download.o(.rev16_text), (4 bytes).
    Removing download.o(.revsh_text), (4 bytes).
    Removing ymodem.o(.rev16_text), (4 bytes).
    Removing ymodem.o(.revsh_text), (4 bytes).
    Removing stm32f10x_it.o(.rev16_text), (4 bytes).
    Removing stm32f10x_it.o(.revsh_text), (4 bytes).
    Removing i2c_driver.o(.rev16_text), (4 bytes).
    Removing i2c_driver.o(.revsh_text), (4 bytes).
    Removing pannel.o(.rev16_text), (4 bytes).
    Removing pannel.o(.revsh_text), (4 bytes).
    Removing bsp.o(.rev16_text), (4 bytes).
    Removing bsp.o(.revsh_text), (4 bytes).
    Removing bsptime2.o(.rev16_text), (4 bytes).
    Removing bsptime2.o(.revsh_text), (4 bytes).
    Removing bsptime3.o(.rev16_text), (4 bytes).
    Removing bsptime3.o(.revsh_text), (4 bytes).
    Removing iapusart.o(.rev16_text), (4 bytes).
    Removing iapusart.o(.revsh_text), (4 bytes).
    Removing system_stm32f10x.o(.rev16_text), (4 bytes).
    Removing system_stm32f10x.o(.revsh_text), (4 bytes).
    Removing stm32f10x_can.o(.rev16_text), (4 bytes).
    Removing stm32f10x_can.o(.revsh_text), (4 bytes).
    Removing stm32f10x_crc.o(.rev16_text), (4 bytes).
    Removing stm32f10x_crc.o(.revsh_text), (4 bytes).
    Removing stm32f10x_crc.o(.text), (72 bytes).
    Removing stm32f10x_dbgmcu.o(.rev16_text), (4 bytes).
    Removing stm32f10x_dbgmcu.o(.revsh_text), (4 bytes).
    Removing stm32f10x_dbgmcu.o(.text), (48 bytes).
    Removing stm32f10x_dma.o(.rev16_text), (4 bytes).
    Removing stm32f10x_dma.o(.revsh_text), (4 bytes).
    Removing stm32f10x_dma.o(.text), (592 bytes).
    Removing stm32f10x_exti.o(.rev16_text), (4 bytes).
    Removing stm32f10x_exti.o(.revsh_text), (4 bytes).
    Removing stm32f10x_exti.o(.text), (284 bytes).
    Removing stm32f10x_flash.o(.rev16_text), (4 bytes).
    Removing stm32f10x_flash.o(.revsh_text), (4 bytes).
    Removing stm32f10x_fsmc.o(.rev16_text), (4 bytes).
    Removing stm32f10x_fsmc.o(.revsh_text), (4 bytes).
    Removing stm32f10x_fsmc.o(.text), (1560 bytes).
    Removing stm32f10x_gpio.o(.rev16_text), (4 bytes).
    Removing stm32f10x_gpio.o(.revsh_text), (4 bytes).
    Removing stm32f10x_i2c.o(.rev16_text), (4 bytes).
    Removing stm32f10x_i2c.o(.revsh_text), (4 bytes).
    Removing stm32f10x_i2c.o(.text), (1028 bytes).
    Removing stm32f10x_iwdg.o(.rev16_text), (4 bytes).
    Removing stm32f10x_iwdg.o(.revsh_text), (4 bytes).
    Removing stm32f10x_pwr.o(.rev16_text), (4 bytes).
    Removing stm32f10x_pwr.o(.revsh_text), (4 bytes).
    Removing stm32f10x_pwr.o(.text), (204 bytes).
    Removing stm32f10x_rcc.o(.rev16_text), (4 bytes).
    Removing stm32f10x_rcc.o(.revsh_text), (4 bytes).
    Removing stm32f10x_rtc.o(.rev16_text), (4 bytes).
    Removing stm32f10x_rtc.o(.revsh_text), (4 bytes).
    Removing stm32f10x_rtc.o(.text), (324 bytes).
    Removing stm32f10x_sdio.o(.rev16_text), (4 bytes).
    Removing stm32f10x_sdio.o(.revsh_text), (4 bytes).
    Removing stm32f10x_sdio.o(.text), (472 bytes).
    Removing stm32f10x_spi.o(.rev16_text), (4 bytes).
    Removing stm32f10x_spi.o(.revsh_text), (4 bytes).
    Removing stm32f10x_spi.o(.text), (852 bytes).
    Removing stm32f10x_tim.o(.rev16_text), (4 bytes).
    Removing stm32f10x_tim.o(.revsh_text), (4 bytes).
    Removing stm32f10x_usart.o(.rev16_text), (4 bytes).
    Removing stm32f10x_usart.o(.revsh_text), (4 bytes).
    Removing stm32f10x_wwdg.o(.rev16_text), (4 bytes).
    Removing stm32f10x_wwdg.o(.revsh_text), (4 bytes).
    Removing stm32f10x_wwdg.o(.text), (136 bytes).
    Removing cortexm3_macro.o(.text), (122 bytes).
    Removing misc.o(.rev16_text), (4 bytes).
    Removing misc.o(.revsh_text), (4 bytes).

75 unused section(s) (total 6454 bytes) removed from the image.

==============================================================================

Image Symbol Table

    Local Symbols

    Symbol Name                              Value     Ov Type        Size  Object(Section)

    ../clib/microlib/init/entry.s            0x00000000   Number         0  entry2.o ABSOLUTE
    ../clib/microlib/init/entry.s            0x00000000   Number         0  entry5.o ABSOLUTE
    ../clib/microlib/init/entry.s            0x00000000   Number         0  entry11b.o ABSOLUTE
    ../clib/microlib/init/entry.s            0x00000000   Number         0  entry11a.o ABSOLUTE
    ../clib/microlib/init/entry.s            0x00000000   Number         0  entry7b.o ABSOLUTE
    ../clib/microlib/init/entry.s            0x00000000   Number         0  entry9a.o ABSOLUTE
    ../clib/microlib/init/entry.s            0x00000000   Number         0  entry10b.o ABSOLUTE
    ../clib/microlib/init/entry.s            0x00000000   Number         0  entry10a.o ABSOLUTE
    ../clib/microlib/init/entry.s            0x00000000   Number         0  entry8a.o ABSOLUTE
    ../clib/microlib/init/entry.s            0x00000000   Number         0  entry8b.o ABSOLUTE
    ../clib/microlib/init/entry.s            0x00000000   Number         0  entry9b.o ABSOLUTE
    ../clib/microlib/init/entry.s            0x00000000   Number         0  entry7a.o ABSOLUTE
    ../clib/microlib/init/entry.s            0x00000000   Number         0  entry.o ABSOLUTE
    ../clib/microlib/string/memcpy.c         0x00000000   Number         0  memcpya.o ABSOLUTE
    ../clib/microlib/string/memcpy.c         0x00000000   Number         0  memcpyb.o ABSOLUTE
    ../clib/microlib/string/strlen.c         0x00000000   Number         0  strlen.o ABSOLUTE
    ..\SOFTWARE\APP\common.c                 0x00000000   Number         0  common.o ABSOLUTE
    ..\SOFTWARE\APP\download.c               0x00000000   Number         0  download.o ABSOLUTE
    ..\SOFTWARE\APP\i2c_driver.c             0x00000000   Number         0  i2c_driver.o ABSOLUTE
    ..\SOFTWARE\APP\main.c                   0x00000000   Number         0  main.o ABSOLUTE
    ..\SOFTWARE\APP\pannel.c                 0x00000000   Number         0  pannel.o ABSOLUTE
    ..\SOFTWARE\APP\stm32f10x_it.c           0x00000000   Number         0  stm32f10x_it.o ABSOLUTE
    ..\SOFTWARE\APP\ymodem.c                 0x00000000   Number         0  ymodem.o ABSOLUTE
    ..\SOFTWARE\BSP\BspTime2.c               0x00000000   Number         0  bsptime2.o ABSOLUTE
    ..\SOFTWARE\BSP\BspTime3.c               0x00000000   Number         0  bsptime3.o ABSOLUTE
    ..\SOFTWARE\BSP\IAPUsart.c               0x00000000   Number         0  iapusart.o ABSOLUTE
    ..\SOFTWARE\BSP\bsp.c                    0x00000000   Number         0  bsp.o ABSOLUTE
    ..\SOFTWARE\CMSIS\MDK_Startup\startup_stm32f10x_cl.s 0x00000000   Number         0  startup_stm32f10x_cl.o ABSOLUTE
    ..\SOFTWARE\CMSIS\system_stm32f10x.c     0x00000000   Number         0  system_stm32f10x.o ABSOLUTE
    ..\SOFTWARE\FWLib\LIB\cortexm3_macro.s   0x00000000   Number         0  cortexm3_macro.o ABSOLUTE
    ..\SOFTWARE\FWLib\LIB\misc.c             0x00000000   Number         0  misc.o ABSOLUTE
    ..\SOFTWARE\FWLib\LIB\stm32f10x_can.c    0x00000000   Number         0  stm32f10x_can.o ABSOLUTE
    ..\SOFTWARE\FWLib\LIB\stm32f10x_crc.c    0x00000000   Number         0  stm32f10x_crc.o ABSOLUTE
    ..\SOFTWARE\FWLib\LIB\stm32f10x_dbgmcu.c 0x00000000   Number         0  stm32f10x_dbgmcu.o ABSOLUTE
    ..\SOFTWARE\FWLib\LIB\stm32f10x_dma.c    0x00000000   Number         0  stm32f10x_dma.o ABSOLUTE
    ..\SOFTWARE\FWLib\LIB\stm32f10x_exti.c   0x00000000   Number         0  stm32f10x_exti.o ABSOLUTE
    ..\SOFTWARE\FWLib\LIB\stm32f10x_flash.c  0x00000000   Number         0  stm32f10x_flash.o ABSOLUTE
    ..\SOFTWARE\FWLib\LIB\stm32f10x_fsmc.c   0x00000000   Number         0  stm32f10x_fsmc.o ABSOLUTE
    ..\SOFTWARE\FWLib\LIB\stm32f10x_gpio.c   0x00000000   Number         0  stm32f10x_gpio.o ABSOLUTE
    ..\SOFTWARE\FWLib\LIB\stm32f10x_i2c.c    0x00000000   Number         0  stm32f10x_i2c.o ABSOLUTE
    ..\SOFTWARE\FWLib\LIB\stm32f10x_iwdg.c   0x00000000   Number         0  stm32f10x_iwdg.o ABSOLUTE
    ..\SOFTWARE\FWLib\LIB\stm32f10x_pwr.c    0x00000000   Number         0  stm32f10x_pwr.o ABSOLUTE
    ..\SOFTWARE\FWLib\LIB\stm32f10x_rcc.c    0x00000000   Number         0  stm32f10x_rcc.o ABSOLUTE
    ..\SOFTWARE\FWLib\LIB\stm32f10x_rtc.c    0x00000000   Number         0  stm32f10x_rtc.o ABSOLUTE
    ..\SOFTWARE\FWLib\LIB\stm32f10x_sdio.c   0x00000000   Number         0  stm32f10x_sdio.o ABSOLUTE
    ..\SOFTWARE\FWLib\LIB\stm32f10x_spi.c    0x00000000   Number         0  stm32f10x_spi.o ABSOLUTE
    ..\SOFTWARE\FWLib\LIB\stm32f10x_tim.c    0x00000000   Number         0  stm32f10x_tim.o ABSOLUTE
    ..\SOFTWARE\FWLib\LIB\stm32f10x_usart.c  0x00000000   Number         0  stm32f10x_usart.o ABSOLUTE
    ..\SOFTWARE\FWLib\LIB\stm32f10x_wwdg.c   0x00000000   Number         0  stm32f10x_wwdg.o ABSOLUTE
    ..\\SOFTWARE\\APP\\common.c              0x00000000   Number         0  common.o ABSOLUTE
    ..\\SOFTWARE\\APP\\download.c            0x00000000   Number         0  download.o ABSOLUTE
    ..\\SOFTWARE\\APP\\i2c_driver.c          0x00000000   Number         0  i2c_driver.o ABSOLUTE
    ..\\SOFTWARE\\APP\\main.c                0x00000000   Number         0  main.o ABSOLUTE
    ..\\SOFTWARE\\APP\\pannel.c              0x00000000   Number         0  pannel.o ABSOLUTE
    ..\\SOFTWARE\\APP\\stm32f10x_it.c        0x00000000   Number         0  stm32f10x_it.o ABSOLUTE
    ..\\SOFTWARE\\APP\\ymodem.c              0x00000000   Number         0  ymodem.o ABSOLUTE
    ..\\SOFTWARE\\BSP\\BspTime2.c            0x00000000   Number         0  bsptime2.o ABSOLUTE
    ..\\SOFTWARE\\BSP\\BspTime3.c            0x00000000   Number         0  bsptime3.o ABSOLUTE
    ..\\SOFTWARE\\BSP\\IAPUsart.c            0x00000000   Number         0  iapusart.o ABSOLUTE
    ..\\SOFTWARE\\BSP\\bsp.c                 0x00000000   Number         0  bsp.o ABSOLUTE
    ..\\SOFTWARE\\CMSIS\\system_stm32f10x.c  0x00000000   Number         0  system_stm32f10x.o ABSOLUTE
    ..\\SOFTWARE\\FWLib\\LIB\\misc.c         0x00000000   Number         0  misc.o ABSOLUTE
    ..\\SOFTWARE\\FWLib\\LIB\\stm32f10x_can.c 0x00000000   Number         0  stm32f10x_can.o ABSOLUTE
    ..\\SOFTWARE\\FWLib\\LIB\\stm32f10x_crc.c 0x00000000   Number         0  stm32f10x_crc.o ABSOLUTE
    ..\\SOFTWARE\\FWLib\\LIB\\stm32f10x_dbgmcu.c 0x00000000   Number         0  stm32f10x_dbgmcu.o ABSOLUTE
    ..\\SOFTWARE\\FWLib\\LIB\\stm32f10x_dma.c 0x00000000   Number         0  stm32f10x_dma.o ABSOLUTE
    ..\\SOFTWARE\\FWLib\\LIB\\stm32f10x_exti.c 0x00000000   Number         0  stm32f10x_exti.o ABSOLUTE
    ..\\SOFTWARE\\FWLib\\LIB\\stm32f10x_flash.c 0x00000000   Number         0  stm32f10x_flash.o ABSOLUTE
    ..\\SOFTWARE\\FWLib\\LIB\\stm32f10x_fsmc.c 0x00000000   Number         0  stm32f10x_fsmc.o ABSOLUTE
    ..\\SOFTWARE\\FWLib\\LIB\\stm32f10x_gpio.c 0x00000000   Number         0  stm32f10x_gpio.o ABSOLUTE
    ..\\SOFTWARE\\FWLib\\LIB\\stm32f10x_i2c.c 0x00000000   Number         0  stm32f10x_i2c.o ABSOLUTE
    ..\\SOFTWARE\\FWLib\\LIB\\stm32f10x_iwdg.c 0x00000000   Number         0  stm32f10x_iwdg.o ABSOLUTE
    ..\\SOFTWARE\\FWLib\\LIB\\stm32f10x_pwr.c 0x00000000   Number         0  stm32f10x_pwr.o ABSOLUTE
    ..\\SOFTWARE\\FWLib\\LIB\\stm32f10x_rcc.c 0x00000000   Number         0  stm32f10x_rcc.o ABSOLUTE
    ..\\SOFTWARE\\FWLib\\LIB\\stm32f10x_rtc.c 0x00000000   Number         0  stm32f10x_rtc.o ABSOLUTE
    ..\\SOFTWARE\\FWLib\\LIB\\stm32f10x_sdio.c 0x00000000   Number         0  stm32f10x_sdio.o ABSOLUTE
    ..\\SOFTWARE\\FWLib\\LIB\\stm32f10x_spi.c 0x00000000   Number         0  stm32f10x_spi.o ABSOLUTE
    ..\\SOFTWARE\\FWLib\\LIB\\stm32f10x_tim.c 0x00000000   Number         0  stm32f10x_tim.o ABSOLUTE
    ..\\SOFTWARE\\FWLib\\LIB\\stm32f10x_usart.c 0x00000000   Number         0  stm32f10x_usart.o ABSOLUTE
    ..\\SOFTWARE\\FWLib\\LIB\\stm32f10x_wwdg.c 0x00000000   Number         0  stm32f10x_wwdg.o ABSOLUTE
    dc.s                                     0x00000000   Number         0  dc.o ABSOLUTE
    handlers.s                               0x00000000   Number         0  handlers.o ABSOLUTE
    init.s                                   0x00000000   Number         0  init.o ABSOLUTE
    RESET                                    0x08000000   Section      336  startup_stm32f10x_cl.o(RESET)
    .ARM.Collect$$$$00000000                 0x08000150   Section        0  entry.o(.ARM.Collect$$$$00000000)
    .ARM.Collect$$$$00000001                 0x08000150   Section        4  entry2.o(.ARM.Collect$$$$00000001)
    .ARM.Collect$$$$00000004                 0x08000154   Section        4  entry5.o(.ARM.Collect$$$$00000004)
    .ARM.Collect$$$$00000008                 0x08000158   Section        0  entry7b.o(.ARM.Collect$$$$00000008)
    .ARM.Collect$$$$0000000A                 0x08000158   Section        0  entry8b.o(.ARM.Collect$$$$0000000A)
    .ARM.Collect$$$$0000000B                 0x08000158   Section        8  entry9a.o(.ARM.Collect$$$$0000000B)
    .ARM.Collect$$$$0000000D                 0x08000160   Section        0  entry10a.o(.ARM.Collect$$$$0000000D)
    .ARM.Collect$$$$0000000F                 0x08000160   Section        0  entry11a.o(.ARM.Collect$$$$0000000F)
    .ARM.Collect$$$$00002712                 0x08000160   Section        4  entry2.o(.ARM.Collect$$$$00002712)
    __lit__00000000                          0x08000160   Data           4  entry2.o(.ARM.Collect$$$$00002712)
    .text                                    0x08000164   Section       36  startup_stm32f10x_cl.o(.text)
    .text                                    0x08000188   Section        0  main.o(.text)
    .text                                    0x08000240   Section        0  common.o(.text)
    AppChoose                                0x080002cf   Thumb Code   128  common.o(.text)
    InputSelect                              0x0800034f   Thumb Code    36  common.o(.text)
    ReceiveData                              0x08000373   Thumb Code   178  common.o(.text)
    .text                                    0x08000528   Section        0  download.o(.text)
    FLASH_PagesMask                          0x08000529   Thumb Code    24  download.o(.text)
    .text                                    0x080005c8   Section        0  ymodem.o(.text)
    YModemCrc                                0x080005c9   Thumb Code    70  ymodem.o(.text)
    ReceivePacket                            0x0800060f   Thumb Code   182  ymodem.o(.text)
    .text                                    0x08000964   Section        0  stm32f10x_it.o(.text)
    .text                                    0x08000c88   Section        0  i2c_driver.o(.text)
    .text                                    0x08000f58   Section        0  pannel.o(.text)
    .text                                    0x08001050   Section        0  bsp.o(.text)
    .text                                    0x0800138c   Section        0  bsptime2.o(.text)
    .text                                    0x08001410   Section        0  bsptime3.o(.text)
    .text                                    0x080014d4   Section        0  iapusart.o(.text)
    .text                                    0x08002198   Section        0  system_stm32f10x.o(.text)
    SetSysClockTo72                          0x08002199   Thumb Code   260  system_stm32f10x.o(.text)
    SetSysClock                              0x0800229d   Thumb Code     8  system_stm32f10x.o(.text)
    .text                                    0x08002414   Section        0  stm32f10x_can.o(.text)
    CheckITStatus                            0x08002c17   Thumb Code    16  stm32f10x_can.o(.text)
    .text                                    0x08002e00   Section        0  stm32f10x_flash.o(.text)
    .text                                    0x080033bc   Section        0  stm32f10x_gpio.o(.text)
    .text                                    0x08003714   Section        0  stm32f10x_iwdg.o(.text)
    .text                                    0x08003754   Section        0  stm32f10x_rcc.o(.text)
    .text                                    0x08003c54   Section        0  stm32f10x_tim.o(.text)
    TI4_Config                               0x080040fb   Thumb Code   130  stm32f10x_tim.o(.text)
    TI3_Config                               0x0800418f   Thumb Code   122  stm32f10x_tim.o(.text)
    TI2_Config                               0x08004223   Thumb Code   130  stm32f10x_tim.o(.text)
    TI1_Config                               0x080042b7   Thumb Code   108  stm32f10x_tim.o(.text)
    .text                                    0x08004a70   Section        0  stm32f10x_usart.o(.text)
    .text                                    0x08004e78   Section        0  misc.o(.text)
    .text                                    0x08004f54   Section        0  memcpya.o(.text)
    .text                                    0x08004f78   Section        0  strlen.o(.text)
    .text                                    0x08004f88   Section       36  init.o(.text)
    i.__scatterload_copy                     0x08004fac   Section       14  handlers.o(i.__scatterload_copy)
    i.__scatterload_null                     0x08004fba   Section        2  handlers.o(i.__scatterload_null)
    i.__scatterload_zeroinit                 0x08004fbc   Section       14  handlers.o(i.__scatterload_zeroinit)
    .constdata                               0x08004fca   Section      896  pannel.o(.constdata)
    tInit_tw8836_9inch                       0x08004fca   Data         440  pannel.o(.constdata)
    tInit_DTV_9inch                          0x08005182   Data         456  pannel.o(.constdata)
    .data                                    0x20000000   Section       41  common.o(.data)
    FunReceEnter                             0x20000000   Data           4  common.o(.data)
    FunReceExit                              0x20000004   Data           4  common.o(.data)
    FunWrite                                 0x20000008   Data           4  common.o(.data)
    FunCurrentProcess                        0x2000000c   Data           4  common.o(.data)
    m_ProgramAddr                            0x20000010   Data           4  common.o(.data)
    m_FlashAddress                           0x20000014   Data           4  common.o(.data)
    m_ExtFlashCounter                        0x20000018   Data           4  common.o(.data)
    FileReceiTimeout                         0x2000001c   Data           1  common.o(.data)
    JumpToApplication                        0x20000020   Data           4  common.o(.data)
    m_JumpAddress                            0x20000024   Data           4  common.o(.data)
    .data                                    0x2000002c   Section       12  ymodem.o(.data)
    stat                                     0x2000002c   Data           1  ymodem.o(.data)
    affirmCount                              0x2000002d   Data           1  ymodem.o(.data)
    iNumber                                  0x20000030   Data           4  ymodem.o(.data)
    sErrorCount                              0x20000034   Data           4  ymodem.o(.data)
    .data                                    0x20000038   Section        5  bsp.o(.data)
    GPIO_InitStructure                       0x20000038   Data           4  bsp.o(.data)
    .data                                    0x20000040   Section       22  iapusart.o(.data)
    .data                                    0x20000058   Section       20  system_stm32f10x.o(.data)
    .data                                    0x2000006c   Section       20  stm32f10x_rcc.o(.data)
    APBAHBPrescTable                         0x2000006c   Data          16  stm32f10x_rcc.o(.data)
    ADCPrescTable                            0x2000007c   Data           4  stm32f10x_rcc.o(.data)
    .bss                                     0x20000080   Section     2084  common.o(.bss)
    .bss                                     0x200008a4   Section       24  bsptime2.o(.bss)
    .bss                                     0x200008bc   Section     4561  iapusart.o(.bss)
    STACK                                    0x20001a90   Section     1024  startup_stm32f10x_cl.o(STACK)

    Global Symbols

    Symbol Name                              Value     Ov Type        Size  Object(Section)

    BuildAttributes$$THM_ISAv4$P$D$K$B$S$PE$A:L22UL41UL21$X:L11$S22US41US21$IEEE1$IW$USESV6$~STKCKD$USESV7$~SHL$OSPACE$EBA8$MICROLIB$REQ8$PRES8$EABIv2 0x00000000   Number         0  anon$$obj.o ABSOLUTE
    __ARM_use_no_argv                        0x00000000   Number         0  main.o ABSOLUTE
    __cpp_initialize__aeabi_                  - Undefined Weak Reference
    __cxa_finalize                            - Undefined Weak Reference
    __decompress                              - Undefined Weak Reference
    _clock_init                               - Undefined Weak Reference
    _microlib_exit                            - Undefined Weak Reference
    __Vectors_Size                           0x00000150   Number         0  startup_stm32f10x_cl.o ABSOLUTE
    __Vectors                                0x08000000   Data           4  startup_stm32f10x_cl.o(RESET)
    __Vectors_End                            0x08000150   Data           0  startup_stm32f10x_cl.o(RESET)
    __main                                   0x08000151   Thumb Code     0  entry.o(.ARM.Collect$$$$00000000)
    _main_stk                                0x08000151   Thumb Code     0  entry2.o(.ARM.Collect$$$$00000001)
    _main_scatterload                        0x08000155   Thumb Code     0  entry5.o(.ARM.Collect$$$$00000004)
    __main_after_scatterload                 0x08000159   Thumb Code     0  entry5.o(.ARM.Collect$$$$00000004)
    _main_clock                              0x08000159   Thumb Code     0  entry7b.o(.ARM.Collect$$$$00000008)
    _main_cpp_init                           0x08000159   Thumb Code     0  entry8b.o(.ARM.Collect$$$$0000000A)
    _main_init                               0x08000159   Thumb Code     0  entry9a.o(.ARM.Collect$$$$0000000B)
    __rt_final_cpp                           0x08000161   Thumb Code     0  entry10a.o(.ARM.Collect$$$$0000000D)
    __rt_final_exit                          0x08000161   Thumb Code     0  entry11a.o(.ARM.Collect$$$$0000000F)
    Reset_Handler                            0x08000165   Thumb Code     8  startup_stm32f10x_cl.o(.text)
    ADC1_2_IRQHandler                        0x0800017f   Thumb Code     0  startup_stm32f10x_cl.o(.text)
    CAN1_RX0_IRQHandler                      0x0800017f   Thumb Code     0  startup_stm32f10x_cl.o(.text)
    CAN1_RX1_IRQHandler                      0x0800017f   Thumb Code     0  startup_stm32f10x_cl.o(.text)
    CAN1_SCE_IRQHandler                      0x0800017f   Thumb Code     0  startup_stm32f10x_cl.o(.text)
    CAN1_TX_IRQHandler                       0x0800017f   Thumb Code     0  startup_stm32f10x_cl.o(.text)
    CAN2_RX0_IRQHandler                      0x0800017f   Thumb Code     0  startup_stm32f10x_cl.o(.text)
    CAN2_RX1_IRQHandler                      0x0800017f   Thumb Code     0  startup_stm32f10x_cl.o(.text)
    CAN2_SCE_IRQHandler                      0x0800017f   Thumb Code     0  startup_stm32f10x_cl.o(.text)
    CAN2_TX_IRQHandler                       0x0800017f   Thumb Code     0  startup_stm32f10x_cl.o(.text)
    DMA1_Channel1_IRQHandler                 0x0800017f   Thumb Code     0  startup_stm32f10x_cl.o(.text)
    DMA1_Channel2_IRQHandler                 0x0800017f   Thumb Code     0  startup_stm32f10x_cl.o(.text)
    DMA1_Channel3_IRQHandler                 0x0800017f   Thumb Code     0  startup_stm32f10x_cl.o(.text)
    DMA1_Channel4_IRQHandler                 0x0800017f   Thumb Code     0  startup_stm32f10x_cl.o(.text)
    DMA1_Channel5_IRQHandler                 0x0800017f   Thumb Code     0  startup_stm32f10x_cl.o(.text)
    DMA1_Channel6_IRQHandler                 0x0800017f   Thumb Code     0  startup_stm32f10x_cl.o(.text)
    DMA1_Channel7_IRQHandler                 0x0800017f   Thumb Code     0  startup_stm32f10x_cl.o(.text)
    DMA2_Channel1_IRQHandler                 0x0800017f   Thumb Code     0  startup_stm32f10x_cl.o(.text)
    DMA2_Channel2_IRQHandler                 0x0800017f   Thumb Code     0  startup_stm32f10x_cl.o(.text)
    DMA2_Channel3_IRQHandler                 0x0800017f   Thumb Code     0  startup_stm32f10x_cl.o(.text)
    DMA2_Channel4_IRQHandler                 0x0800017f   Thumb Code     0  startup_stm32f10x_cl.o(.text)
    DMA2_Channel5_IRQHandler                 0x0800017f   Thumb Code     0  startup_stm32f10x_cl.o(.text)
    ETH_IRQHandler                           0x0800017f   Thumb Code     0  startup_stm32f10x_cl.o(.text)
    ETH_WKUP_IRQHandler                      0x0800017f   Thumb Code     0  startup_stm32f10x_cl.o(.text)
    EXTI0_IRQHandler                         0x0800017f   Thumb Code     0  startup_stm32f10x_cl.o(.text)
    EXTI15_10_IRQHandler                     0x0800017f   Thumb Code     0  startup_stm32f10x_cl.o(.text)
    EXTI1_IRQHandler                         0x0800017f   Thumb Code     0  startup_stm32f10x_cl.o(.text)
    EXTI2_IRQHandler                         0x0800017f   Thumb Code     0  startup_stm32f10x_cl.o(.text)
    EXTI3_IRQHandler                         0x0800017f   Thumb Code     0  startup_stm32f10x_cl.o(.text)
    EXTI4_IRQHandler                         0x0800017f   Thumb Code     0  startup_stm32f10x_cl.o(.text)
    EXTI9_5_IRQHandler                       0x0800017f   Thumb Code     0  startup_stm32f10x_cl.o(.text)
    FLASH_IRQHandler                         0x0800017f   Thumb Code     0  startup_stm32f10x_cl.o(.text)
    I2C1_ER_IRQHandler                       0x0800017f   Thumb Code     0  startup_stm32f10x_cl.o(.text)
    I2C1_EV_IRQHandler                       0x0800017f   Thumb Code     0  startup_stm32f10x_cl.o(.text)
    I2C2_ER_IRQHandler                       0x0800017f   Thumb Code     0  startup_stm32f10x_cl.o(.text)
    I2C2_EV_IRQHandler                       0x0800017f   Thumb Code     0  startup_stm32f10x_cl.o(.text)
    OTG_FS_IRQHandler                        0x0800017f   Thumb Code     0  startup_stm32f10x_cl.o(.text)
    OTG_FS_WKUP_IRQHandler                   0x0800017f   Thumb Code     0  startup_stm32f10x_cl.o(.text)
    PVD_IRQHandler                           0x0800017f   Thumb Code     0  startup_stm32f10x_cl.o(.text)
    RCC_IRQHandler                           0x0800017f   Thumb Code     0  startup_stm32f10x_cl.o(.text)
    RTCAlarm_IRQHandler                      0x0800017f   Thumb Code     0  startup_stm32f10x_cl.o(.text)
    RTC_IRQHandler                           0x0800017f   Thumb Code     0  startup_stm32f10x_cl.o(.text)
    SPI1_IRQHandler                          0x0800017f   Thumb Code     0  startup_stm32f10x_cl.o(.text)
    SPI2_IRQHandler                          0x0800017f   Thumb Code     0  startup_stm32f10x_cl.o(.text)
    SPI3_IRQHandler                          0x0800017f   Thumb Code     0  startup_stm32f10x_cl.o(.text)
    TAMPER_IRQHandler                        0x0800017f   Thumb Code     0  startup_stm32f10x_cl.o(.text)
    TIM1_BRK_IRQHandler                      0x0800017f   Thumb Code     0  startup_stm32f10x_cl.o(.text)
    TIM1_CC_IRQHandler                       0x0800017f   Thumb Code     0  startup_stm32f10x_cl.o(.text)
    TIM1_TRG_COM_IRQHandler                  0x0800017f   Thumb Code     0  startup_stm32f10x_cl.o(.text)
    TIM1_UP_IRQHandler                       0x0800017f   Thumb Code     0  startup_stm32f10x_cl.o(.text)
    TIM4_IRQHandler                          0x0800017f   Thumb Code     0  startup_stm32f10x_cl.o(.text)
    TIM5_IRQHandler                          0x0800017f   Thumb Code     0  startup_stm32f10x_cl.o(.text)
    TIM6_IRQHandler                          0x0800017f   Thumb Code     0  startup_stm32f10x_cl.o(.text)
    TIM7_IRQHandler                          0x0800017f   Thumb Code     0  startup_stm32f10x_cl.o(.text)
    UART4_IRQHandler                         0x0800017f   Thumb Code     0  startup_stm32f10x_cl.o(.text)
    UART5_IRQHandler                         0x0800017f   Thumb Code     0  startup_stm32f10x_cl.o(.text)
    WWDG_IRQHandler                          0x0800017f   Thumb Code     0  startup_stm32f10x_cl.o(.text)
    Main_SysTick_Config                      0x08000189   Thumb Code    82  main.o(.text)
    main                                     0x080001db   Thumb Code    74  main.o(.text)
    SoftReset                                0x08000241   Thumb Code    42  common.o(.text)
    Acc_Wdg_Config                           0x0800026b   Thumb Code    46  common.o(.text)
    JumpToApp                                0x08000299   Thumb Code    54  common.o(.text)
    CommonExec                               0x08000425   Thumb Code   150  common.o(.text)
    FLASH_WriteBank                          0x08000541   Thumb Code    60  download.o(.text)
    FLASH_ProgramStart                       0x0800057d   Thumb Code    64  download.o(.text)
    FLASH_ProgramDone                        0x080005bd   Thumb Code     8  download.o(.text)
    YmodemSendChar                           0x080006c5   Thumb Code    60  ymodem.o(.text)
    YmodemReceive                            0x08000701   Thumb Code   584  ymodem.o(.text)
    NMI_Handler                              0x08000965   Thumb Code     2  stm32f10x_it.o(.text)
    HardFault_Handler                        0x08000967   Thumb Code     4  stm32f10x_it.o(.text)
    MemManage_Handler                        0x0800096b   Thumb Code     4  stm32f10x_it.o(.text)
    BusFault_Handler                         0x0800096f   Thumb Code     4  stm32f10x_it.o(.text)
    UsageFault_Handler                       0x08000973   Thumb Code     4  stm32f10x_it.o(.text)
    SVC_Handler                              0x08000977   Thumb Code     2  stm32f10x_it.o(.text)
    DebugMon_Handler                         0x08000979   Thumb Code     2  stm32f10x_it.o(.text)
    PendSV_Handler                           0x0800097b   Thumb Code     2  stm32f10x_it.o(.text)
    SysTick_Handler                          0x0800097d   Thumb Code    64  stm32f10x_it.o(.text)
    TIM2_IRQHandler                          0x080009bd   Thumb Code    52  stm32f10x_it.o(.text)
    TIM3_IRQHandler                          0x080009f1   Thumb Code    40  stm32f10x_it.o(.text)
    USART1_IRQHandler                        0x08000a19   Thumb Code   180  stm32f10x_it.o(.text)
    USART2_IRQHandler                        0x08000acd   Thumb Code   196  stm32f10x_it.o(.text)
    USART3_IRQHandler                        0x08000b91   Thumb Code   196  stm32f10x_it.o(.text)
    i2cSetSCL_tw8823                         0x08000c89   Thumb Code    26  i2c_driver.o(.text)
    i2cSetSDA_tw8823                         0x08000ca3   Thumb Code    26  i2c_driver.o(.text)
    i2c_Start_tw8823                         0x08000cbd   Thumb Code    56  i2c_driver.o(.text)
    i2c_Stop_tw8823                          0x08000cf5   Thumb Code    28  i2c_driver.o(.text)
    i2c_SendByte_tw8823                      0x08000d11   Thumb Code   108  i2c_driver.o(.text)
    i2c_ReceiveByte_tw8823                   0x08000d7d   Thumb Code    80  i2c_driver.o(.text)
    i2c_AccessStart_tw8823                   0x08000dcd   Thumb Code    60  i2c_driver.o(.text)
    i2cWrite_Sub_tw8823                      0x08000e09   Thumb Code    90  i2c_driver.o(.text)
    i2cRead_Sub_tw8823                       0x08000e63   Thumb Code   104  i2c_driver.o(.text)
    WriteTW88                                0x08000ecb   Thumb Code    22  i2c_driver.o(.text)
    ReadTW88                                 0x08000ee1   Thumb Code    22  i2c_driver.o(.text)
    WriteTW88_Page                           0x08000ef7   Thumb Code    26  i2c_driver.o(.text)
    ReadTW88_Page                            0x08000f11   Thumb Code    22  i2c_driver.o(.text)
    WriteRadioFM                             0x08000f27   Thumb Code    22  i2c_driver.o(.text)
    ReadRadioFM                              0x08000f3d   Thumb Code    22  i2c_driver.o(.text)
    SetAutoDetectStd                         0x08000f59   Thumb Code    40  pannel.o(.text)
    Pannel_include                           0x08000f81   Thumb Code     2  pannel.o(.text)
    WritePannelData_Func                     0x08000f83   Thumb Code    92  pannel.o(.text)
    WritePannelData                          0x08000fdf   Thumb Code    76  pannel.o(.text)
    TW8836_Reset                             0x0800102b   Thumb Code    26  pannel.o(.text)
    RCC_Configuration                        0x08001051   Thumb Code   108  bsp.o(.text)
    GPIO_Configuration                       0x080010bd   Thumb Code    70  bsp.o(.text)
    System_IO_Config                         0x08001103   Thumb Code   274  bsp.o(.text)
    BWM_5S_CanBus_Config                     0x08001215   Thumb Code   208  bsp.o(.text)
    Delay                                    0x080012e5   Thumb Code    18  bsp.o(.text)
    IWDG_Init                                0x080012f7   Thumb Code    40  bsp.o(.text)
    SysTickInit                              0x0800131f   Thumb Code     2  bsp.o(.text)
    NVIC_Configuration                       0x08001321   Thumb Code    22  bsp.o(.text)
    BspInit                                  0x08001337   Thumb Code    32  bsp.o(.text)
    BspClose                                 0x08001357   Thumb Code    16  bsp.o(.text)
    BspTim2Init                              0x0800138d   Thumb Code   108  bsptime2.o(.text)
    BspTim2Close                             0x080013f9   Thumb Code    24  bsptime2.o(.text)
    BspTim3Init                              0x08001411   Thumb Code   118  bsptime3.o(.text)
    BspTim3Open                              0x08001487   Thumb Code    30  bsptime3.o(.text)
    BspTim3Close                             0x080014a5   Thumb Code    30  bsptime3.o(.text)
    BspTim3SetCounter                        0x080014c3   Thumb Code    14  bsptime3.o(.text)
    BspUsart1Init                            0x080014d5   Thumb Code   180  iapusart.o(.text)
    BspUsart2Init                            0x08001589   Thumb Code   178  iapusart.o(.text)
    BspUsart3Init                            0x0800163b   Thumb Code   180  iapusart.o(.text)
    BspUsart1Close                           0x080016ef   Thumb Code    88  iapusart.o(.text)
    BspUsart2Close                           0x08001747   Thumb Code    88  iapusart.o(.text)
    BspUsart3Close                           0x0800179f   Thumb Code    88  iapusart.o(.text)
    Delay_1ms                                0x080017f7   Thumb Code    30  iapusart.o(.text)
    delay_1us                                0x08001815   Thumb Code    24  iapusart.o(.text)
    delay_5us                                0x0800182d   Thumb Code    24  iapusart.o(.text)
    delay_10us                               0x08001845   Thumb Code    12  iapusart.o(.text)
    delay_500us                              0x08001851   Thumb Code    22  iapusart.o(.text)
    delay_100us                              0x08001867   Thumb Code    22  iapusart.o(.text)
    delay_50us                               0x0800187d   Thumb Code    22  iapusart.o(.text)
    ARM_Uart_Char                            0x08001893   Thumb Code    40  iapusart.o(.text)
    IAPUsart2Send                            0x080018bb   Thumb Code   124  iapusart.o(.text)
    ARM_Uart_ACK                             0x08001937   Thumb Code    12  iapusart.o(.text)
    ARM_Receive_ACK                          0x08001943   Thumb Code    54  iapusart.o(.text)
    ARM_data_Send_data                       0x08001979   Thumb Code   106  iapusart.o(.text)
    ARM_data_Send                            0x080019e3   Thumb Code    12  iapusart.o(.text)
    IAPUsartSend                             0x080019ef   Thumb Code    88  iapusart.o(.text)
    Usart3SendString                         0x08001a47   Thumb Code    88  iapusart.o(.text)
    IAP_Print                                0x08001a9f   Thumb Code    30  iapusart.o(.text)
    MApp_Bootloader_Upgrade_Send             0x08001abd   Thumb Code    72  iapusart.o(.text)
    Request_Upgrade_Send                     0x08001b05   Thumb Code    86  iapusart.o(.text)
    Request_Package_Sum_Send                 0x08001b5b   Thumb Code    82  iapusart.o(.text)
    Request_Package_Send                     0x08001bad   Thumb Code   116  iapusart.o(.text)
    ReceOneChar                              0x08001c21   Thumb Code    46  iapusart.o(.text)
    ReceOneCharVerify                        0x08001c4f   Thumb Code   618  iapusart.o(.text)
    ReceOneCharByandroid                     0x08001eb9   Thumb Code   396  iapusart.o(.text)
    MApp_Proc_Uart                           0x08002045   Thumb Code   178  iapusart.o(.text)
    Upgrade_CMD_PROCESS                      0x080020f7   Thumb Code   162  iapusart.o(.text)
    SystemInit                               0x080022a5   Thumb Code    92  system_stm32f10x.o(.text)
    SystemCoreClockUpdate                    0x08002301   Thumb Code   232  system_stm32f10x.o(.text)
    CAN_DeInit                               0x08002415   Thumb Code    50  stm32f10x_can.o(.text)
    CAN_Init                                 0x08002447   Thumb Code   276  stm32f10x_can.o(.text)
    CAN_FilterInit                           0x0800255b   Thumb Code   258  stm32f10x_can.o(.text)
    CAN_StructInit                           0x0800265d   Thumb Code    32  stm32f10x_can.o(.text)
    CAN_SlaveStartBank                       0x0800267d   Thumb Code    48  stm32f10x_can.o(.text)
    CAN_DBGFreeze                            0x080026ad   Thumb Code    22  stm32f10x_can.o(.text)
    CAN_TTComModeCmd                         0x080026c3   Thumb Code   118  stm32f10x_can.o(.text)
    CAN_Transmit                             0x08002739   Thumb Code   304  stm32f10x_can.o(.text)
    CAN_TransmitStatus                       0x08002869   Thumb Code   138  stm32f10x_can.o(.text)
    CAN_CancelTransmit                       0x080028f3   Thumb Code    48  stm32f10x_can.o(.text)
    CAN_Receive                              0x08002923   Thumb Code   240  stm32f10x_can.o(.text)
    CAN_FIFORelease                          0x08002a13   Thumb Code    22  stm32f10x_can.o(.text)
    CAN_MessagePending                       0x08002a29   Thumb Code    30  stm32f10x_can.o(.text)
    CAN_OperatingModeRequest                 0x08002a47   Thumb Code   162  stm32f10x_can.o(.text)
    CAN_Sleep                                0x08002ae9   Thumb Code    30  stm32f10x_can.o(.text)
    CAN_WakeUp                               0x08002b07   Thumb Code    48  stm32f10x_can.o(.text)
    CAN_GetLastErrorCode                     0x08002b37   Thumb Code    12  stm32f10x_can.o(.text)
    CAN_GetReceiveErrorCounter               0x08002b43   Thumb Code    10  stm32f10x_can.o(.text)
    CAN_GetLSBTransmitErrorCounter           0x08002b4d   Thumb Code    12  stm32f10x_can.o(.text)
    CAN_ITConfig                             0x08002b59   Thumb Code    18  stm32f10x_can.o(.text)
    CAN_GetFlagStatus                        0x08002b6b   Thumb Code   120  stm32f10x_can.o(.text)
    CAN_ClearFlag                            0x08002be3   Thumb Code    52  stm32f10x_can.o(.text)
    CAN_GetITStatus                          0x08002c27   Thumb Code   308  stm32f10x_can.o(.text)
    CAN_ClearITPendingBit                    0x08002d5b   Thumb Code   162  stm32f10x_can.o(.text)
    FLASH_SetLatency                         0x08002e01   Thumb Code    18  stm32f10x_flash.o(.text)
    FLASH_HalfCycleAccessCmd                 0x08002e13   Thumb Code    22  stm32f10x_flash.o(.text)
    FLASH_PrefetchBufferCmd                  0x08002e29   Thumb Code    22  stm32f10x_flash.o(.text)
    FLASH_Unlock                             0x08002e3f   Thumb Code    12  stm32f10x_flash.o(.text)
    FLASH_UnlockBank1                        0x08002e4b   Thumb Code    12  stm32f10x_flash.o(.text)
    FLASH_Lock                               0x08002e57   Thumb Code    14  stm32f10x_flash.o(.text)
    FLASH_LockBank1                          0x08002e65   Thumb Code    14  stm32f10x_flash.o(.text)
    FLASH_GetBank1Status                     0x08002e73   Thumb Code    48  stm32f10x_flash.o(.text)
    FLASH_WaitForLastOperation               0x08002ea3   Thumb Code    38  stm32f10x_flash.o(.text)
    FLASH_ErasePage                          0x08002ec9   Thumb Code    72  stm32f10x_flash.o(.text)
    FLASH_EraseAllPages                      0x08002f11   Thumb Code    68  stm32f10x_flash.o(.text)
    FLASH_WaitForLastBank1Operation          0x08002f55   Thumb Code    38  stm32f10x_flash.o(.text)
    FLASH_EraseAllBank1Pages                 0x08002f7b   Thumb Code    68  stm32f10x_flash.o(.text)
    FLASH_GetReadOutProtectionStatus         0x08002fbf   Thumb Code    20  stm32f10x_flash.o(.text)
    FLASH_EraseOptionBytes                   0x08002fd3   Thumb Code   150  stm32f10x_flash.o(.text)
    FLASH_ProgramWord                        0x08003069   Thumb Code   102  stm32f10x_flash.o(.text)
    FLASH_ProgramHalfWord                    0x080030cf   Thumb Code    60  stm32f10x_flash.o(.text)
    FLASH_ProgramOptionByteData              0x0800310b   Thumb Code    72  stm32f10x_flash.o(.text)
    FLASH_EnableWriteProtection              0x08003153   Thumb Code   200  stm32f10x_flash.o(.text)
    FLASH_ReadOutProtection                  0x0800321b   Thumb Code   156  stm32f10x_flash.o(.text)
    FLASH_UserOptionByteConfig               0x080032b7   Thumb Code    88  stm32f10x_flash.o(.text)
    FLASH_GetUserOptionByte                  0x0800330f   Thumb Code     8  stm32f10x_flash.o(.text)
    FLASH_GetWriteProtectionOptionByte       0x08003317   Thumb Code     6  stm32f10x_flash.o(.text)
    FLASH_GetPrefetchBufferStatus            0x0800331d   Thumb Code    20  stm32f10x_flash.o(.text)
    FLASH_ITConfig                           0x08003331   Thumb Code    26  stm32f10x_flash.o(.text)
    FLASH_GetFlagStatus                      0x0800334b   Thumb Code    42  stm32f10x_flash.o(.text)
    FLASH_ClearFlag                          0x08003375   Thumb Code     6  stm32f10x_flash.o(.text)
    FLASH_GetStatus                          0x0800337b   Thumb Code    48  stm32f10x_flash.o(.text)
    GPIO_DeInit                              0x080033bd   Thumb Code   172  stm32f10x_gpio.o(.text)
    GPIO_AFIODeInit                          0x08003469   Thumb Code    20  stm32f10x_gpio.o(.text)
    GPIO_Init                                0x0800347d   Thumb Code   274  stm32f10x_gpio.o(.text)
    GPIO_StructInit                          0x0800358f   Thumb Code    16  stm32f10x_gpio.o(.text)
    GPIO_ReadInputDataBit                    0x0800359f   Thumb Code    18  stm32f10x_gpio.o(.text)
    GPIO_ReadInputData                       0x080035b1   Thumb Code     8  stm32f10x_gpio.o(.text)
    GPIO_ReadOutputDataBit                   0x080035b9   Thumb Code    18  stm32f10x_gpio.o(.text)
    GPIO_ReadOutputData                      0x080035cb   Thumb Code     8  stm32f10x_gpio.o(.text)
    GPIO_SetBits                             0x080035d3   Thumb Code     4  stm32f10x_gpio.o(.text)
    GPIO_ResetBits                           0x080035d7   Thumb Code     4  stm32f10x_gpio.o(.text)
    GPIO_WriteBit                            0x080035db   Thumb Code    10  stm32f10x_gpio.o(.text)
    GPIO_Write                               0x080035e5   Thumb Code     4  stm32f10x_gpio.o(.text)
    GPIO_PinLockConfig                       0x080035e9   Thumb Code    18  stm32f10x_gpio.o(.text)
    GPIO_EventOutputConfig                   0x080035fb   Thumb Code    26  stm32f10x_gpio.o(.text)
    GPIO_EventOutputCmd                      0x08003615   Thumb Code     6  stm32f10x_gpio.o(.text)
    GPIO_PinRemapConfig                      0x0800361b   Thumb Code   138  stm32f10x_gpio.o(.text)
    GPIO_EXTILineConfig                      0x080036a5   Thumb Code    66  stm32f10x_gpio.o(.text)
    GPIO_ETH_MediaInterfaceConfig            0x080036e7   Thumb Code     6  stm32f10x_gpio.o(.text)
    IWDG_WriteAccessCmd                      0x08003715   Thumb Code     6  stm32f10x_iwdg.o(.text)
    IWDG_SetPrescaler                        0x0800371b   Thumb Code     6  stm32f10x_iwdg.o(.text)
    IWDG_SetReload                           0x08003721   Thumb Code     6  stm32f10x_iwdg.o(.text)
    IWDG_ReloadCounter                       0x08003727   Thumb Code    10  stm32f10x_iwdg.o(.text)
    IWDG_Enable                              0x08003731   Thumb Code    10  stm32f10x_iwdg.o(.text)
    IWDG_GetFlagStatus                       0x0800373b   Thumb Code    20  stm32f10x_iwdg.o(.text)
    RCC_DeInit                               0x08003755   Thumb Code    78  stm32f10x_rcc.o(.text)
    RCC_HSEConfig                            0x080037a3   Thumb Code    70  stm32f10x_rcc.o(.text)
    RCC_GetFlagStatus                        0x080037e9   Thumb Code    56  stm32f10x_rcc.o(.text)
    RCC_WaitForHSEStartUp                    0x08003821   Thumb Code    56  stm32f10x_rcc.o(.text)
    RCC_AdjustHSICalibrationValue            0x08003859   Thumb Code    20  stm32f10x_rcc.o(.text)
    RCC_HSICmd                               0x0800386d   Thumb Code     6  stm32f10x_rcc.o(.text)
    RCC_PLLConfig                            0x08003873   Thumb Code    24  stm32f10x_rcc.o(.text)
    RCC_PLLCmd                               0x0800388b   Thumb Code     6  stm32f10x_rcc.o(.text)
    RCC_PREDIV1Config                        0x08003891   Thumb Code    24  stm32f10x_rcc.o(.text)
    RCC_PREDIV2Config                        0x080038a9   Thumb Code    18  stm32f10x_rcc.o(.text)
    RCC_PLL2Config                           0x080038bb   Thumb Code    18  stm32f10x_rcc.o(.text)
    RCC_PLL2Cmd                              0x080038cd   Thumb Code     6  stm32f10x_rcc.o(.text)
    RCC_PLL3Config                           0x080038d3   Thumb Code    18  stm32f10x_rcc.o(.text)
    RCC_PLL3Cmd                              0x080038e5   Thumb Code     6  stm32f10x_rcc.o(.text)
    RCC_SYSCLKConfig                         0x080038eb   Thumb Code    18  stm32f10x_rcc.o(.text)
    RCC_GetSYSCLKSource                      0x080038fd   Thumb Code    10  stm32f10x_rcc.o(.text)
    RCC_HCLKConfig                           0x08003907   Thumb Code    18  stm32f10x_rcc.o(.text)
    RCC_PCLK1Config                          0x08003919   Thumb Code    18  stm32f10x_rcc.o(.text)
    RCC_PCLK2Config                          0x0800392b   Thumb Code    20  stm32f10x_rcc.o(.text)
    RCC_ITConfig                             0x0800393f   Thumb Code    26  stm32f10x_rcc.o(.text)
    RCC_OTGFSCLKConfig                       0x08003959   Thumb Code     6  stm32f10x_rcc.o(.text)
    RCC_ADCCLKConfig                         0x0800395f   Thumb Code    18  stm32f10x_rcc.o(.text)
    RCC_I2S2CLKConfig                        0x08003971   Thumb Code     6  stm32f10x_rcc.o(.text)
    RCC_I2S3CLKConfig                        0x08003977   Thumb Code     8  stm32f10x_rcc.o(.text)
    RCC_LSEConfig                            0x0800397f   Thumb Code    44  stm32f10x_rcc.o(.text)
    RCC_LSICmd                               0x080039ab   Thumb Code     6  stm32f10x_rcc.o(.text)
    RCC_RTCCLKConfig                         0x080039b1   Thumb Code    12  stm32f10x_rcc.o(.text)
    RCC_RTCCLKCmd                            0x080039bd   Thumb Code     8  stm32f10x_rcc.o(.text)
    RCC_GetClocksFreq                        0x080039c5   Thumb Code   428  stm32f10x_rcc.o(.text)
    RCC_AHBPeriphClockCmd                    0x08003b71   Thumb Code    26  stm32f10x_rcc.o(.text)
    RCC_APB2PeriphClockCmd                   0x08003b8b   Thumb Code    26  stm32f10x_rcc.o(.text)
    RCC_APB1PeriphClockCmd                   0x08003ba5   Thumb Code    26  stm32f10x_rcc.o(.text)
    RCC_AHBPeriphResetCmd                    0x08003bbf   Thumb Code    26  stm32f10x_rcc.o(.text)
    RCC_APB2PeriphResetCmd                   0x08003bd9   Thumb Code    26  stm32f10x_rcc.o(.text)
    RCC_APB1PeriphResetCmd                   0x08003bf3   Thumb Code    26  stm32f10x_rcc.o(.text)
    RCC_BackupResetCmd                       0x08003c0d   Thumb Code     6  stm32f10x_rcc.o(.text)
    RCC_ClockSecuritySystemCmd               0x08003c13   Thumb Code     6  stm32f10x_rcc.o(.text)
    RCC_MCOConfig                            0x08003c19   Thumb Code     6  stm32f10x_rcc.o(.text)
    RCC_ClearFlag                            0x08003c1f   Thumb Code    14  stm32f10x_rcc.o(.text)
    RCC_GetITStatus                          0x08003c2d   Thumb Code    20  stm32f10x_rcc.o(.text)
    RCC_ClearITPendingBit                    0x08003c41   Thumb Code     6  stm32f10x_rcc.o(.text)
    TIM_DeInit                               0x08003c55   Thumb Code   424  stm32f10x_tim.o(.text)
    TIM_TimeBaseInit                         0x08003dfd   Thumb Code   122  stm32f10x_tim.o(.text)
    TIM_OC1Init                              0x08003e77   Thumb Code   132  stm32f10x_tim.o(.text)
    TIM_OC2Init                              0x08003efb   Thumb Code   154  stm32f10x_tim.o(.text)
    TIM_OC3Init                              0x08003f95   Thumb Code   150  stm32f10x_tim.o(.text)
    TIM_OC4Init                              0x0800402b   Thumb Code   182  stm32f10x_tim.o(.text)
    TIM_SetIC4Prescaler                      0x080040e1   Thumb Code    26  stm32f10x_tim.o(.text)
    TIM_SetIC3Prescaler                      0x0800417d   Thumb Code    18  stm32f10x_tim.o(.text)
    TIM_SetIC2Prescaler                      0x08004209   Thumb Code    26  stm32f10x_tim.o(.text)
    TIM_SetIC1Prescaler                      0x080042a5   Thumb Code    18  stm32f10x_tim.o(.text)
    TIM_ICInit                               0x08004323   Thumb Code   150  stm32f10x_tim.o(.text)
    TIM_PWMIConfig                           0x080043b9   Thumb Code   124  stm32f10x_tim.o(.text)
    TIM_BDTRConfig                           0x08004435   Thumb Code    32  stm32f10x_tim.o(.text)
    TIM_TimeBaseStructInit                   0x08004455   Thumb Code    18  stm32f10x_tim.o(.text)
    TIM_OCStructInit                         0x08004467   Thumb Code    20  stm32f10x_tim.o(.text)
    TIM_ICStructInit                         0x0800447b   Thumb Code    18  stm32f10x_tim.o(.text)
    TIM_BDTRStructInit                       0x0800448d   Thumb Code    40  stm32f10x_tim.o(.text)
    TIM_Cmd                                  0x080044b5   Thumb Code    24  stm32f10x_tim.o(.text)
    TIM_CtrlPWMOutputs                       0x080044cd   Thumb Code    30  stm32f10x_tim.o(.text)
    TIM_ITConfig                             0x080044eb   Thumb Code    18  stm32f10x_tim.o(.text)
    TIM_GenerateEvent                        0x080044fd   Thumb Code     4  stm32f10x_tim.o(.text)
    TIM_DMAConfig                            0x08004501   Thumb Code    10  stm32f10x_tim.o(.text)
    TIM_DMACmd                               0x0800450b   Thumb Code    18  stm32f10x_tim.o(.text)
    TIM_InternalClockConfig                  0x0800451d   Thumb Code    12  stm32f10x_tim.o(.text)
    TIM_SelectInputTrigger                   0x08004529   Thumb Code    18  stm32f10x_tim.o(.text)
    TIM_ITRxExternalClockConfig              0x0800453b   Thumb Code    24  stm32f10x_tim.o(.text)
    TIM_TIxExternalClockConfig               0x08004553   Thumb Code    62  stm32f10x_tim.o(.text)
    TIM_ETRConfig                            0x08004591   Thumb Code    28  stm32f10x_tim.o(.text)
    TIM_ETRClockMode1Config                  0x080045ad   Thumb Code    54  stm32f10x_tim.o(.text)
    TIM_ETRClockMode2Config                  0x080045e3   Thumb Code    32  stm32f10x_tim.o(.text)
    TIM_PrescalerConfig                      0x08004603   Thumb Code     6  stm32f10x_tim.o(.text)
    TIM_CounterModeConfig                    0x08004609   Thumb Code    18  stm32f10x_tim.o(.text)
    TIM_EncoderInterfaceConfig               0x0800461b   Thumb Code    66  stm32f10x_tim.o(.text)
    TIM_ForcedOC1Config                      0x0800465d   Thumb Code    18  stm32f10x_tim.o(.text)
    TIM_ForcedOC2Config                      0x0800466f   Thumb Code    26  stm32f10x_tim.o(.text)
    TIM_ForcedOC3Config                      0x08004689   Thumb Code    18  stm32f10x_tim.o(.text)
    TIM_ForcedOC4Config                      0x0800469b   Thumb Code    26  stm32f10x_tim.o(.text)
    TIM_ARRPreloadConfig                     0x080046b5   Thumb Code    24  stm32f10x_tim.o(.text)
    TIM_SelectCOM                            0x080046cd   Thumb Code    24  stm32f10x_tim.o(.text)
    TIM_SelectCCDMA                          0x080046e5   Thumb Code    24  stm32f10x_tim.o(.text)
    TIM_CCPreloadControl                     0x080046fd   Thumb Code    24  stm32f10x_tim.o(.text)
    TIM_OC1PreloadConfig                     0x08004715   Thumb Code    18  stm32f10x_tim.o(.text)
    TIM_OC2PreloadConfig                     0x08004727   Thumb Code    26  stm32f10x_tim.o(.text)
    TIM_OC3PreloadConfig                     0x08004741   Thumb Code    18  stm32f10x_tim.o(.text)
    TIM_OC4PreloadConfig                     0x08004753   Thumb Code    26  stm32f10x_tim.o(.text)
    TIM_OC1FastConfig                        0x0800476d   Thumb Code    18  stm32f10x_tim.o(.text)
    TIM_OC2FastConfig                        0x0800477f   Thumb Code    26  stm32f10x_tim.o(.text)
    TIM_OC3FastConfig                        0x08004799   Thumb Code    18  stm32f10x_tim.o(.text)
    TIM_OC4FastConfig                        0x080047ab   Thumb Code    26  stm32f10x_tim.o(.text)
    TIM_ClearOC1Ref                          0x080047c5   Thumb Code    18  stm32f10x_tim.o(.text)
    TIM_ClearOC2Ref                          0x080047d7   Thumb Code    24  stm32f10x_tim.o(.text)
    TIM_ClearOC3Ref                          0x080047ef   Thumb Code    18  stm32f10x_tim.o(.text)
    TIM_ClearOC4Ref                          0x08004801   Thumb Code    24  stm32f10x_tim.o(.text)
    TIM_OC1PolarityConfig                    0x08004819   Thumb Code    18  stm32f10x_tim.o(.text)
    TIM_OC1NPolarityConfig                   0x0800482b   Thumb Code    18  stm32f10x_tim.o(.text)
    TIM_OC2PolarityConfig                    0x0800483d   Thumb Code    26  stm32f10x_tim.o(.text)
    TIM_OC2NPolarityConfig                   0x08004857   Thumb Code    26  stm32f10x_tim.o(.text)
    TIM_OC3PolarityConfig                    0x08004871   Thumb Code    26  stm32f10x_tim.o(.text)
    TIM_OC3NPolarityConfig                   0x0800488b   Thumb Code    26  stm32f10x_tim.o(.text)
    TIM_OC4PolarityConfig                    0x080048a5   Thumb Code    26  stm32f10x_tim.o(.text)
    TIM_CCxCmd                               0x080048bf   Thumb Code    30  stm32f10x_tim.o(.text)
    TIM_CCxNCmd                              0x080048dd   Thumb Code    30  stm32f10x_tim.o(.text)
    TIM_SelectOCxM                           0x080048fb   Thumb Code    82  stm32f10x_tim.o(.text)
    TIM_UpdateDisableConfig                  0x0800494d   Thumb Code    24  stm32f10x_tim.o(.text)
    TIM_UpdateRequestConfig                  0x08004965   Thumb Code    24  stm32f10x_tim.o(.text)
    TIM_SelectHallSensor                     0x0800497d   Thumb Code    24  stm32f10x_tim.o(.text)
    TIM_SelectOnePulseMode                   0x08004995   Thumb Code    18  stm32f10x_tim.o(.text)
    TIM_SelectOutputTrigger                  0x080049a7   Thumb Code    18  stm32f10x_tim.o(.text)
    TIM_SelectSlaveMode                      0x080049b9   Thumb Code    18  stm32f10x_tim.o(.text)
    TIM_SelectMasterSlaveMode                0x080049cb   Thumb Code    18  stm32f10x_tim.o(.text)
    TIM_SetCounter                           0x080049dd   Thumb Code     4  stm32f10x_tim.o(.text)
    TIM_SetAutoreload                        0x080049e1   Thumb Code     4  stm32f10x_tim.o(.text)
    TIM_SetCompare1                          0x080049e5   Thumb Code     4  stm32f10x_tim.o(.text)
    TIM_SetCompare2                          0x080049e9   Thumb Code     4  stm32f10x_tim.o(.text)
    TIM_SetCompare3                          0x080049ed   Thumb Code     4  stm32f10x_tim.o(.text)
    TIM_SetCompare4                          0x080049f1   Thumb Code     6  stm32f10x_tim.o(.text)
    TIM_SetClockDivision                     0x080049f7   Thumb Code    18  stm32f10x_tim.o(.text)
    TIM_GetCapture1                          0x08004a09   Thumb Code     6  stm32f10x_tim.o(.text)
    TIM_GetCapture2                          0x08004a0f   Thumb Code     6  stm32f10x_tim.o(.text)
    TIM_GetCapture3                          0x08004a15   Thumb Code     6  stm32f10x_tim.o(.text)
    TIM_GetCapture4                          0x08004a1b   Thumb Code     8  stm32f10x_tim.o(.text)
    TIM_GetCounter                           0x08004a23   Thumb Code     6  stm32f10x_tim.o(.text)
    TIM_GetPrescaler                         0x08004a29   Thumb Code     6  stm32f10x_tim.o(.text)
    TIM_GetFlagStatus                        0x08004a2f   Thumb Code    18  stm32f10x_tim.o(.text)
    TIM_ClearFlag                            0x08004a41   Thumb Code     6  stm32f10x_tim.o(.text)
    TIM_GetITStatus                          0x08004a47   Thumb Code    34  stm32f10x_tim.o(.text)
    TIM_ClearITPendingBit                    0x08004a69   Thumb Code     6  stm32f10x_tim.o(.text)
    USART_DeInit                             0x08004a71   Thumb Code   134  stm32f10x_usart.o(.text)
    USART_Init                               0x08004af7   Thumb Code   210  stm32f10x_usart.o(.text)
    USART_StructInit                         0x08004bc9   Thumb Code    24  stm32f10x_usart.o(.text)
    USART_ClockInit                          0x08004be1   Thumb Code    34  stm32f10x_usart.o(.text)
    USART_ClockStructInit                    0x08004c03   Thumb Code    12  stm32f10x_usart.o(.text)
    USART_Cmd                                0x08004c0f   Thumb Code    24  stm32f10x_usart.o(.text)
    USART_ITConfig                           0x08004c27   Thumb Code    74  stm32f10x_usart.o(.text)
    USART_DMACmd                             0x08004c71   Thumb Code    18  stm32f10x_usart.o(.text)
    USART_SetAddress                         0x08004c83   Thumb Code    18  stm32f10x_usart.o(.text)
    USART_WakeUpConfig                       0x08004c95   Thumb Code    18  stm32f10x_usart.o(.text)
    USART_ReceiverWakeUpCmd                  0x08004ca7   Thumb Code    24  stm32f10x_usart.o(.text)
    USART_LINBreakDetectLengthConfig         0x08004cbf   Thumb Code    18  stm32f10x_usart.o(.text)
    USART_LINCmd                             0x08004cd1   Thumb Code    24  stm32f10x_usart.o(.text)
    USART_SendData                           0x08004ce9   Thumb Code     8  stm32f10x_usart.o(.text)
    USART_ReceiveData                        0x08004cf1   Thumb Code    10  stm32f10x_usart.o(.text)
    USART_SendBreak                          0x08004cfb   Thumb Code    10  stm32f10x_usart.o(.text)
    USART_SetGuardTime                       0x08004d05   Thumb Code    16  stm32f10x_usart.o(.text)
    USART_SetPrescaler                       0x08004d15   Thumb Code    16  stm32f10x_usart.o(.text)
    USART_SmartCardCmd                       0x08004d25   Thumb Code    24  stm32f10x_usart.o(.text)
    USART_SmartCardNACKCmd                   0x08004d3d   Thumb Code    24  stm32f10x_usart.o(.text)
    USART_HalfDuplexCmd                      0x08004d55   Thumb Code    24  stm32f10x_usart.o(.text)
    USART_OverSampling8Cmd                   0x08004d6d   Thumb Code    22  stm32f10x_usart.o(.text)
    USART_OneBitMethodCmd                    0x08004d83   Thumb Code    24  stm32f10x_usart.o(.text)
    USART_IrDAConfig                         0x08004d9b   Thumb Code    18  stm32f10x_usart.o(.text)
    USART_IrDACmd                            0x08004dad   Thumb Code    24  stm32f10x_usart.o(.text)
    USART_GetFlagStatus                      0x08004dc5   Thumb Code    26  stm32f10x_usart.o(.text)
    USART_ClearFlag                          0x08004ddf   Thumb Code    18  stm32f10x_usart.o(.text)
    USART_GetITStatus                        0x08004df1   Thumb Code    84  stm32f10x_usart.o(.text)
    USART_ClearITPendingBit                  0x08004e45   Thumb Code    52  stm32f10x_usart.o(.text)
    NVIC_PriorityGroupConfig                 0x08004e79   Thumb Code    10  misc.o(.text)
    NVIC_Init                                0x08004e83   Thumb Code   102  misc.o(.text)
    NVIC_SetVectorTable                      0x08004ee9   Thumb Code    14  misc.o(.text)
    NVIC_SystemLPConfig                      0x08004ef7   Thumb Code    34  misc.o(.text)
    SysTick_CLKSourceConfig                  0x08004f19   Thumb Code    40  misc.o(.text)
    __aeabi_memcpy                           0x08004f55   Thumb Code    36  memcpya.o(.text)
    __aeabi_memcpy4                          0x08004f55   Thumb Code     0  memcpya.o(.text)
    __aeabi_memcpy8                          0x08004f55   Thumb Code     0  memcpya.o(.text)
    strlen                                   0x08004f79   Thumb Code    14  strlen.o(.text)
    __scatterload                            0x08004f89   Thumb Code    28  init.o(.text)
    __scatterload_rt2                        0x08004f89   Thumb Code     0  init.o(.text)
    __scatterload_copy                       0x08004fad   Thumb Code    14  handlers.o(i.__scatterload_copy)
    __scatterload_null                       0x08004fbb   Thumb Code     2  handlers.o(i.__scatterload_null)
    __scatterload_zeroinit                   0x08004fbd   Thumb Code    14  handlers.o(i.__scatterload_zeroinit)
    Region$$Table$$Base                      0x0800534c   Number         0  anon$$obj.o(Region$$Table)
    Region$$Table$$Limit                     0x0800536c   Number         0  anon$$obj.o(Region$$Table)
    UpgradeReady                             0x2000001d   Data           1  common.o(.data)
    Tw8836InitFlag                           0x2000001e   Data           1  common.o(.data)
    m_Mode                                   0x20000028   Data           1  common.o(.data)
    HSEStartUpStatus                         0x2000003c   Data           1  bsp.o(.data)
    eTXIdle                                  0x20000040   Data           1  iapusart.o(.data)
    ARM_Receive_ack                          0x20000041   Data           1  iapusart.o(.data)
    ARM_Receive_OK                           0x20000042   Data           1  iapusart.o(.data)
    ARM_send_id                              0x20000043   Data           1  iapusart.o(.data)
    ARM_ack_request                          0x20000044   Data           1  iapusart.o(.data)
    u32Systick                               0x20000048   Data           4  iapusart.o(.data)
    g_Uart2CheckTick                         0x2000004c   Data           1  iapusart.o(.data)
    g_Uart5CheckTick                         0x2000004d   Data           1  iapusart.o(.data)
    g_ucUart2RecvLength                      0x2000004e   Data           1  iapusart.o(.data)
    ARM_Receive_index                        0x2000004f   Data           1  iapusart.o(.data)
    ARM_Done_index                           0x20000050   Data           1  iapusart.o(.data)
    g_ucUart2BufIndex2                       0x20000051   Data           1  iapusart.o(.data)
    ARM_rec_src_buff                         0x20000052   Data           2  iapusart.o(.data)
    gGPSCmdWrtIndex                          0x20000054   Data           1  iapusart.o(.data)
    gGPSCmdRdIndex                           0x20000055   Data           1  iapusart.o(.data)
    SystemCoreClock                          0x20000058   Data           4  system_stm32f10x.o(.data)
    AHBPrescTable                            0x2000005c   Data          16  system_stm32f10x.o(.data)
    m_ReceData                               0x20000080   Data        1056  common.o(.bss)
    pArray                                   0x200004a0   Data        1028  common.o(.bss)
    g_Tim2Array                              0x200008a4   Data          24  bsptime2.o(.bss)
    m_SendBuff                               0x200008bc   Data        1056  iapusart.o(.bss)
    m_ReceBuff                               0x20000cdc   Data        1056  iapusart.o(.bss)
    ARM_Rec_buffer                           0x200010fc   Data        1000  iapusart.o(.bss)
    g_Uart2CmdBuf2                           0x200014e4   Data          50  iapusart.o(.bss)
    g_GPS_DATA                               0x20001516   Data        1214  iapusart.o(.bss)
    gGPSCmdBuffer                            0x200019d4   Data         160  iapusart.o(.bss)
    Buff                                     0x20001a74   Data          25  iapusart.o(.bss)
    __initial_sp                             0x20001e90   Data           0  startup_stm32f10x_cl.o(STACK)



==============================================================================

Memory Map of the image

  Image Entry point : 0x08000151

  Load Region LR_IROM1 (Base: 0x08000000, Size: 0x000053ec, Max: 0x00040000, ABSOLUTE)

    Execution Region ER_IROM1 (Base: 0x08000000, Size: 0x0000536c, Max: 0x00040000, ABSOLUTE)

    Base Addr    Size         Type   Attr      Idx    E Section Name        Object

    0x08000000   0x00000150   Data   RO            3    RESET               startup_stm32f10x_cl.o
    0x08000150   0x00000000   Code   RO          943  * .ARM.Collect$$$$00000000  mc_w.l(entry.o)
    0x08000150   0x00000004   Code   RO          952    .ARM.Collect$$$$00000001  mc_w.l(entry2.o)
    0x08000154   0x00000004   Code   RO          955    .ARM.Collect$$$$00000004  mc_w.l(entry5.o)
    0x08000158   0x00000000   Code   RO          957    .ARM.Collect$$$$00000008  mc_w.l(entry7b.o)
    0x08000158   0x00000000   Code   RO          959    .ARM.Collect$$$$0000000A  mc_w.l(entry8b.o)
    0x08000158   0x00000008   Code   RO          960    .ARM.Collect$$$$0000000B  mc_w.l(entry9a.o)
    0x08000160   0x00000000   Code   RO          962    .ARM.Collect$$$$0000000D  mc_w.l(entry10a.o)
    0x08000160   0x00000000   Code   RO          964    .ARM.Collect$$$$0000000F  mc_w.l(entry11a.o)
    0x08000160   0x00000004   Code   RO          953    .ARM.Collect$$$$00002712  mc_w.l(entry2.o)
    0x08000164   0x00000024   Code   RO            4    .text               startup_stm32f10x_cl.o
    0x08000188   0x000000b8   Code   RO           12    .text               main.o
    0x08000240   0x000002e8   Code   RO          139    .text               common.o
    0x08000528   0x000000a0   Code   RO          278    .text               download.o
    0x080005c8   0x0000039c   Code   RO          306    .text               ymodem.o
    0x08000964   0x00000324   Code   RO          341    .text               stm32f10x_it.o
    0x08000c88   0x000002d0   Code   RO          371    .text               i2c_driver.o
    0x08000f58   0x000000f8   Code   RO          400    .text               pannel.o
    0x08001050   0x0000033c   Code   RO          428    .text               bsp.o
    0x0800138c   0x00000084   Code   RO          454    .text               bsptime2.o
    0x08001410   0x000000c4   Code   RO          480    .text               bsptime3.o
    0x080014d4   0x00000cc4   Code   RO          503    .text               iapusart.o
    0x08002198   0x0000027c   Code   RO          534    .text               system_stm32f10x.o
    0x08002414   0x000009ec   Code   RO          560    .text               stm32f10x_can.o
    0x08002e00   0x000005bc   Code   RO          660    .text               stm32f10x_flash.o
    0x080033bc   0x00000358   Code   RO          700    .text               stm32f10x_gpio.o
    0x08003714   0x00000040   Code   RO          740    .text               stm32f10x_iwdg.o
    0x08003754   0x00000500   Code   RO          780    .text               stm32f10x_rcc.o
    0x08003c54   0x00000e1a   Code   RO          862    .text               stm32f10x_tim.o
    0x08004a6e   0x00000002   PAD
    0x08004a70   0x00000408   Code   RO          882    .text               stm32f10x_usart.o
    0x08004e78   0x000000dc   Code   RO          925    .text               misc.o
    0x08004f54   0x00000024   Code   RO          946    .text               mc_w.l(memcpya.o)
    0x08004f78   0x0000000e   Code   RO          948    .text               mc_w.l(strlen.o)
    0x08004f86   0x00000002   PAD
    0x08004f88   0x00000024   Code   RO          966    .text               mc_w.l(init.o)
    0x08004fac   0x0000000e   Code   RO          970    i.__scatterload_copy  mc_w.l(handlers.o)
    0x08004fba   0x00000002   Code   RO          971    i.__scatterload_null  mc_w.l(handlers.o)
    0x08004fbc   0x0000000e   Code   RO          972    i.__scatterload_zeroinit  mc_w.l(handlers.o)
    0x08004fca   0x00000380   Data   RO          401    .constdata          pannel.o
    0x0800534a   0x00000002   PAD
    0x0800534c   0x00000020   Data   RO          968    Region$$Table       anon$$obj.o


    Execution Region RW_IRAM1 (Base: 0x20000000, Size: 0x00001e90, Max: 0x00010000, ABSOLUTE)

    Base Addr    Size         Type   Attr      Idx    E Section Name        Object

    0x20000000   0x00000029   Data   RW          141    .data               common.o
    0x20000029   0x00000003   PAD
    0x2000002c   0x0000000c   Data   RW          307    .data               ymodem.o
    0x20000038   0x00000005   Data   RW          429    .data               bsp.o
    0x2000003d   0x00000003   PAD
    0x20000040   0x00000016   Data   RW          505    .data               iapusart.o
    0x20000056   0x00000002   PAD
    0x20000058   0x00000014   Data   RW          535    .data               system_stm32f10x.o
    0x2000006c   0x00000014   Data   RW          781    .data               stm32f10x_rcc.o
    0x20000080   0x00000824   Zero   RW          140    .bss                common.o
    0x200008a4   0x00000018   Zero   RW          455    .bss                bsptime2.o
    0x200008bc   0x000011d1   Zero   RW          504    .bss                iapusart.o
    0x20001a8d   0x00000003   PAD
    0x20001a90   0x00000400   Zero   RW            1    STACK               startup_stm32f10x_cl.o


==============================================================================

Image component sizes


      Code (inc. data)   RO Data    RW Data    ZI Data      Debug   Object Name

       828         38          0          5          0       2460   bsp.o
       132          0          0          0         24       1249   bsptime2.o
       196          4          0          0          0        965   bsptime3.o
       744        110          0         41       2084     320725   common.o
       160          4          0          0          0       1651   download.o
       720          6          0          0          0      12967   i2c_driver.o
      3268        160          0         22       4561      10993   iapusart.o
       184         28          0          0          0     246702   main.o
       220         20          0          0          0       1745   misc.o
       248         12        896          0          0       1856   pannel.o
        36          8        336          0       1024        836   startup_stm32f10x_cl.o
      2540         38          0          0          0       7796   stm32f10x_can.o
      1468         34          0          0          0       7974   stm32f10x_flash.o
       856         40          0          0          0       5589   stm32f10x_gpio.o
       804         52          0          0          0       2448   stm32f10x_it.o
        64          6          0          0          0       1241   stm32f10x_iwdg.o
      1280         68          0         20          0      11102   stm32f10x_rcc.o
      3610         88          0          0          0      22076   stm32f10x_tim.o
      1032         22          0          0          0       8316   stm32f10x_usart.o
       636         44          0         20          0       1939   system_stm32f10x.o
       924         34          0         12          0       3599   ymodem.o

    ----------------------------------------------------------------------
     19952        816       1266        128       7696     674229   Object Totals
         0          0         32          0          0          0   (incl. Generated)
         2          0          2          8          3          0   (incl. Padding)

    ----------------------------------------------------------------------

      Code (inc. data)   RO Data    RW Data    ZI Data      Debug   Library Member Name

         0          0          0          0          0          0   entry.o
         0          0          0          0          0          0   entry10a.o
         0          0          0          0          0          0   entry11a.o
         8          4          0          0          0          0   entry2.o
         4          0          0          0          0          0   entry5.o
         0          0          0          0          0          0   entry7b.o
         0          0          0          0          0          0   entry8b.o
         8          4          0          0          0          0   entry9a.o
        30          0          0          0          0          0   handlers.o
        36          8          0          0          0         68   init.o
        36          0          0          0          0         68   memcpya.o
        14          0          0          0          0         68   strlen.o

    ----------------------------------------------------------------------
       138         16          0          0          0        204   Library Totals
         2          0          0          0          0          0   (incl. Padding)

    ----------------------------------------------------------------------

      Code (inc. data)   RO Data    RW Data    ZI Data      Debug   Library Name

       136         16          0          0          0        204   mc_w.l

    ----------------------------------------------------------------------
       138         16          0          0          0        204   Library Totals

    ----------------------------------------------------------------------

==============================================================================


      Code (inc. data)   RO Data    RW Data    ZI Data      Debug   

     20090        832       1266        128       7696     672405   Grand Totals
     20090        832       1266        128       7696     672405   ELF Image Totals
     20090        832       1266        128          0          0   ROM Totals

==============================================================================

    Total RO  Size (Code + RO Data)                21356 (  20.86kB)
    Total RW  Size (RW Data + ZI Data)              7824 (   7.64kB)
    Total ROM Size (Code + RO Data + RW Data)      21484 (  20.98kB)

==============================================================================

